// Jest Snapshot v1, https://goo.gl/fbAQLP

exports[`GameGenre correctly renders after relaunch 1`] = `
<section
  className="game game--genre"
>
  <header
    className="game__header"
  >
    <a
      className="game__back"
      href="#"
    >
      <span
        className="visually-hidden"
      >
        Сыграть ещё раз
      </span>
      <img
        alt="Угадай мелодию"
        className="game__logo"
        src="img/melody-logo-ginger.png"
      />
    </a>
    <svg
      className="timer"
      viewBox="0 0 780 780"
      xmlns="http://www.w3.org/2000/svg"
    >
      <circle
        className="timer__line"
        cx="390"
        cy="390"
        r="370"
        style={
          Object {
            "filter": "url(#blur)",
            "transform": "rotate(-90deg) scaleY(-1)",
            "transformOrigin": "center",
          }
        }
      />
    </svg>
    <div
      className="game__mistakes"
    >
      <div
        className="wrong"
      />
      <div
        className="wrong"
      />
      <div
        className="wrong"
      />
    </div>
  </header>
  <section
    className="game__screen"
  >
    <h2
      className="game__title"
    >
      Выберите 
      jazz
       треки
    </h2>
    <form
      className="game__tracks"
      onSubmit={[Function]}
    >
      <div
        className="track"
      >
        <div
          className="track"
        >
          <button
            className="track__button track__button--play"
            disabled={true}
            onClick={[Function]}
            type="button"
          />
          <div
            className="track__status"
          >
            <audio />
          </div>
        </div>
        <div
          className="game__answer"
        >
          <input
            checked={true}
            className="game__input visually-hidden"
            id="answer-9mT"
            name="answer"
            onChange={[Function]}
            type="checkbox"
            value="answer-pop true"
          />
          <label
            className="game__check"
            htmlFor="answer-9mT"
          >
            Отметить
          </label>
        </div>
      </div>
      <div
        className="track"
      >
        <div
          className="track"
        >
          <button
            className="track__button track__button--play"
            disabled={true}
            onClick={[Function]}
            type="button"
          />
          <div
            className="track__status"
          >
            <audio />
          </div>
        </div>
        <div
          className="game__answer"
        >
          <input
            checked={true}
            className="game__input visually-hidden"
            id="answer-fRl"
            name="answer"
            onChange={[Function]}
            type="checkbox"
            value="answer-pop true"
          />
          <label
            className="game__check"
            htmlFor="answer-fRl"
          >
            Отметить
          </label>
        </div>
      </div>
      <div
        className="track"
      >
        <div
          className="track"
        >
          <button
            className="track__button track__button--play"
            disabled={true}
            onClick={[Function]}
            type="button"
          />
          <div
            className="track__status"
          >
            <audio />
          </div>
        </div>
        <div
          className="game__answer"
        >
          <input
            checked={true}
            className="game__input visually-hidden"
            id="answer-LIz"
            name="answer"
            onChange={[Function]}
            type="checkbox"
            value="answer-rock true"
          />
          <label
            className="game__check"
            htmlFor="answer-LIz"
          >
            Отметить
          </label>
        </div>
      </div>
      <div
        className="track"
      >
        <div
          className="track"
        >
          <button
            className="track__button track__button--play"
            disabled={true}
            onClick={[Function]}
            type="button"
          />
          <div
            className="track__status"
          >
            <audio />
          </div>
        </div>
        <div
          className="game__answer"
        >
          <input
            checked={true}
            className="game__input visually-hidden"
            id="answer-qJ3"
            name="answer"
            onChange={[Function]}
            type="checkbox"
            value="answer-pop true"
          />
          <label
            className="game__check"
            htmlFor="answer-qJ3"
          >
            Отметить
          </label>
        </div>
      </div>
      <button
        className="game__submit button"
        type="submit"
      >
        Ответить
      </button>
    </form>
  </section>
</section>
`;
