// Jest Snapshot v1, https://goo.gl/fbAQLP

exports[`Header correctly renders after relaunch 1`] = `
<div
  className="game__mistakes"
>
  <div
    className="wrong"
  />
  <div
    className="wrong"
  />
</div>
`;
